// Jest Snapshot v1, https://goo.gl/fbAQLP

exports[`user-service findAllUsers handles some users 1`] = `
Array [
  Object {
    "firstName": "Amanda",
    "lastName": "Huggenkiss",
  },
]
`;
